.Q.....
.#..X..
...#.#.
.X..#.Q
......#
Q..#..X
.......